getblddt.exe

Building ALLCOLS...
 ALLCOLS.COL
   1 File(s) copied.
 COL2.TMP
 COL.TMP
   1 File(s) copied.
bg2-a.col stripped successfully.

 ALLCOLS.COL
   1 File(s) copied.
 COL2.TMP
 COL.TMP
   1 File(s) copied.
bg2-b.col stripped successfully.

 ALLCOLS.COL
   1 File(s) copied.
 COL2.TMP
 COL.TMP
   1 File(s) copied.
bg2-c.col stripped successfully.

 ALLCOLS.COL
   1 File(s) copied.
 COL2.TMP
 COL.TMP
   1 File(s) copied.
bg2-d.col stripped successfully.

 ALLCOLS.COL
   1 File(s) copied.
 COL2.TMP
 COL.TMP
   1 File(s) copied.
bg2-e.col stripped successfully.

 ALLCOLS.COL
   1 File(s) copied.
 COL2.TMP
 COL.TMP
   1 File(s) copied.
bg2-f.col stripped successfully.

 ALLCOLS.COL
   1 File(s) copied.
 COL2.TMP
 COL.TMP
   1 File(s) copied.
bg2-g.col stripped successfully.

 ALLCOLS.COL
   1 File(s) copied.
 COL2.TMP
 COL.TMP
   1 File(s) copied.
t-m.col stripped successfully.

 ALLCOLS.COL
   1 File(s) copied.
 COL2.TMP
 COL.TMP
   1 File(s) copied.
t-m-2.col stripped successfully.

 ALLCOLS.COL
   1 File(s) copied.
 COL2.TMP
 COL.TMP
   1 File(s) copied.
t-m-3.col stripped successfully.

 ALLCOLS.COL
   1 File(s) copied.
 COL2.TMP
 COL.TMP
   1 File(s) copied.
t-m-4.col stripped successfully.

 ALLCOLS.COL
   1 File(s) copied.
 COL2.TMP
 COL.TMP
   1 File(s) copied.
b-m.col stripped successfully.

 ALLCOLS.COL
   1 File(s) copied.
 COL2.TMP
 COL.TMP
   1 File(s) copied.
light.col stripped successfully.

 ALLCOLS.COL
   1 File(s) copied.
 COL2.TMP
 COL.TMP
   1 File(s) copied.
space.col stripped successfully.

 ALLCOLS.COL
   1 File(s) copied.
 COL2.TMP
 COL.TMP
   1 File(s) copied.
stars.col stripped successfully.

 ALLCOLS.COL
   1 File(s) copied.
 COL2.TMP
 COL.TMP
   1 File(s) copied.
cp.col stripped successfully.

 ALLCOLS.COL
   1 File(s) copied.
 COL2.TMP
 COL.TMP
   1 File(s) copied.
cp-us.col stripped successfully.

 ALLCOLS.COL
   1 File(s) copied.
 COL2.TMP
 COL.TMP
   1 File(s) copied.
hole.col stripped successfully.

 ALLCOLS.COL
   1 File(s) copied.
 COL2.TMP
 COL.TMP
   1 File(s) copied.
l.col stripped successfully.

 ALLCOLS.COL
   1 File(s) copied.
 COL2.TMP
 COL.TMP
   1 File(s) copied.
e-test0.col stripped successfully.

 ALLCOLS.COL
   1 File(s) copied.
 COL2.TMP
 COL.TMP
   1 File(s) copied.
e-test.col stripped successfully.

 ALLCOLS.COL
   1 File(s) copied.
 COL2.TMP
 COL.TMP
   1 File(s) copied.
obj-1.col stripped successfully.

 ALLCOLS.COL
   1 File(s) copied.
 COL2.TMP
 COL.TMP
   1 File(s) copied.
2ep.col stripped successfully.

 ALLCOLS.COL
   1 File(s) copied.
 COL2.TMP
 COL.TMP
   1 File(s) copied.
fxdes.col stripped successfully.

 ALLCOLS.COL
   1 File(s) copied.
 COL2.TMP
 COL.TMP
   1 File(s) copied.
fxblue.col stripped successfully.

 ALLCOLS.COL
   1 File(s) copied.
 COL2.TMP
 COL.TMP
   1 File(s) copied.
fxgreen.col stripped successfully.

 ALLCOLS.COL
   1 File(s) copied.
 COL2.TMP
 COL.TMP
   1 File(s) copied.
fortn.col stripped successfully.

 ALLCOLS.COL
   1 File(s) copied.
 COL2.TMP
 COL.TMP
   1 File(s) copied.
fxpink.col stripped successfully.

 ALLCOLS.COL
   1 File(s) copied.
 COL2.TMP
 COL.TMP
   1 File(s) copied.
corn.col stripped successfully.

 ALLCOLS.COL
   1 File(s) copied.
 COL2.TMP
 COL.TMP
   1 File(s) copied.
newspace.col stripped successfully.

 ALLCOLS.COL
   1 File(s) copied.
 COL2.TMP
 COL.TMP
   1 File(s) copied.
vortex.col stripped successfully.

 ALLCOLS.COL
   1 File(s) copied.
 COL2.TMP
 COL.TMP
   1 File(s) copied.
city.col stripped successfully.

 ALLCOLS.COL
   1 File(s) copied.
 COL2.TMP
 COL.TMP
   1 File(s) copied.
corn2.col stripped successfully.

 ALLCOLS.COL
   1 File(s) copied.
 COL2.TMP
 COL.TMP
   1 File(s) copied.
vortex.col stripped successfully.

 ALLCOLS.COL
   1 File(s) copied.
 COL2.TMP
 COL.TMP
   1 File(s) copied.
macbeth.col stripped successfully.

 ALLCOLS.COL
   1 File(s) copied.
 COL2.TMP
 COL.TMP
   1 File(s) copied.
tbossvh.col stripped successfully.

 ALLCOLS.COL
   1 File(s) copied.
 COL2.TMP
 COL.TMP
   1 File(s) copied.
yama.col stripped successfully.

 ALLCOLS.COL
   1 File(s) copied.
 COL2.TMP
 COL.TMP
   1 File(s) copied.
mar.col stripped successfully.

Crunching allcols.pac...
Palette crunching complete.






ARGSFXX v1.55 (c) Argonaut Software Ltd. 1994
Mod by Sunlit 2024
14880K Free, Happy birthday Dylan!
Wednesday February 18 2026
[01m-- BANK 0:[00m
[01m-- 634 bytes free.[00m
[01m------------------------------- MEMORY USAGE ----------------------------------[00m
Zero Page Free       =    1 (000%)[00m      Work Ram Free        =  266 (004%)[00m
Extended Ram Free    = 5131 (009%)[00m
[01m-------------------------------------------------------------------------------
[00mWriting SOB file : bank0.SOB
Writing MAP file... Done.
[00m      0 Error(s), 0 Warning(s). ([36m0.38s[00m)

ARGSFXX v1.55 (c) Argonaut Software Ltd. 1994
Mod by Sunlit 2024
14880K Free, Happy birthday Dylan!
Wednesday February 18 2026
[01m-- BANK 1:[00m
406
583
415
[01m-- 4326 bytes free.[00m
[01m------------------------------- MEMORY USAGE ----------------------------------[00m
Zero Page Free       =    1 (000%)[00m      Work Ram Free        =  266 (004%)[00m
Extended Ram Free    = 5131 (009%)[00m      ZMario Ram Free      =    0 (000%)[00m
Mario Ram Free       =   60 (000%)[00m
[01m-------------------------------------------------------------------------------
[00mWriting SOB file : bank1.SOB
Writing MAP file... Done.
[00m      0 Error(s), 0 Warning(s). ([36m0.17s[00m)

ARGSFXX v1.55 (c) Argonaut Software Ltd. 1994
Mod by Sunlit 2024
14880K Free, Happy birthday Dylan!
Wednesday February 18 2026
[01m-- BANK 2:[00m
XLEN Extended Code free space: 268 bytes.
main: 6376
[01m-- 710 bytes free.[00m
[01m-- BANK 13:[00m
game: 690266
endseq: 16185
sprites: 3676
windows: 589
sound: 10169
[01m-- 721 bytes free.[00m
[01m-- BANK 3:[00m
planets: 10017
[00m[31m[01m** "planets3.asm" (1536/1536) Error: Extension specified in immediate EA mode **[00m 
	0003D4B4 +			adc.l	#6*256
[00m[31m[01m** "planets3.asm" (1547/1547) Error: Extension specified in immediate EA mode **[00m 
	0003D4C3 +			adc.l	#6*256
planets: 15951
world: 5353
[01m-- 980 bytes free.[00m
[01m-- BANK 14:[00m
continue: 722099
[01m-- 240 bytes free.[00m
[01m-- BANK 15:[00m
cont: 1530
bootnmi: 3167
draw: 921
stratrou: 27042
[01m-- 108 bytes free.[00m
[01m-- BANK 16:[00m
nmi: 33008
bgs: 26985
[01m-- 5651 bytes free.[00m
[01m-- BANK 34:[00m
debug: 1157584
aldead= 00001542
trans: 3159
coltabs: 9415
obj: 1332
[01m-- 13809 bytes free.[00m
[01m------------------------------- MEMORY USAGE ----------------------------------[00m
Zero Page Free       =    1 (000%)[00m      Work Ram Free        =  266 (004%)[00m
Extended Ram Free    = 5131 (009%)[00m
[01m-------------------------------------------------------------------------------
[00m
Writing MAP file... Done.
[00m      2 Error(s), 0 Warning(s). ([36m0.38s[00m)

--- errorlevel 1
